// Jest Snapshot v1, https://goo.gl/fbAQLP

exports[`tests the care component renders correctly tests the component against the snapshot 1`] = `undefined`;
