// Jest Snapshot v1, https://goo.gl/fbAQLP

exports[`tests the footer renders correctly on large screens Renders the Header and checks against a snapshot 1`] = `undefined`;
