// Jest Snapshot v1, https://goo.gl/fbAQLP

exports[`tests the Splash view renders performs a snapshot test 1`] = `undefined`;
