// Jest Snapshot v1, https://goo.gl/fbAQLP

exports[`tests the index page renders performs a snapshot test 1`] = `undefined`;
